MO Memory_MUSER_Main NULL Main.vf vlg7C/_memory___m_u_s_e_r___main.bin 1579962286
MO FD_MXILINX_Check_Pass NULL Check_Pass.vf vlg09/_f_d___m_x_i_l_i_n_x___check___pass.bin 1579962286
MO COMPM2_MXILINX_Get_Money NULL Get_Money.vf vlg60/_c_o_m_p_m2___m_x_i_l_i_n_x___get___money.bin 1579962286
MO COMPM4_MXILINX_Main NULL Main.vf vlg0C/_c_o_m_p_m4___m_x_i_l_i_n_x___main.bin 1579962286
MO ADD1_MXILINX_Full_Adder10 NULL Full_Adder10.vf vlg60/_a_d_d1___m_x_i_l_i_n_x___full___adder10.bin 1579962286
MO Check_Pass NULL Check_Pass.vf vlg64/_check___pass.bin 1579962286
MO Memory_MUSER_Check_Pass NULL Check_Pass.vf vlg4B/_memory___m_u_s_e_r___check___pass.bin 1579962286
MO Check_Pass_MUSER_Main NULL Main.vf vlg4B/_check___pass___m_u_s_e_r___main.bin 1579962286
MO OR6_MXILINX_Get_Money NULL Get_Money.vf vlg05/_o_r6___m_x_i_l_i_n_x___get___money.bin 1579962286
MO OR6_MXILINX_Main NULL Main.vf vlg13/_o_r6___m_x_i_l_i_n_x___main.bin 1579962286
MO Get_Money_MUSER_Main NULL Main.vf vlg42/_get___money___m_u_s_e_r___main.bin 1579962286
MO Memory NULL Memory.vf vlg49/_memory.bin 1579962286
MO COMPM4_MXILINX_Get_Money NULL Get_Money.vf vlg12/_c_o_m_p_m4___m_x_i_l_i_n_x___get___money.bin 1579962286
MO COMP2_MXILINX_Check_Pass NULL Check_Pass.vf vlg68/_c_o_m_p2___m_x_i_l_i_n_x___check___pass.bin 1579962286
MO FD_MXILINX_Main NULL Main.vf vlg4A/_f_d___m_x_i_l_i_n_x___main.bin 1579962286
MO Get_Money NULL Get_Money.vf vlg47/_get___money.bin 1579962286
MO COMP4_MXILINX_Main NULL Main.vf vlg1B/_c_o_m_p4___m_x_i_l_i_n_x___main.bin 1579962286
MO Main NULL Main.vf vlg0D/_main.bin 1579962286
MO Full_Adder10_MUSER_Main NULL Main.vf vlg0A/_full___adder10___m_u_s_e_r___main.bin 1579962286
MO COMP4_MXILINX_Check_Pass NULL Check_Pass.vf vlg62/_c_o_m_p4___m_x_i_l_i_n_x___check___pass.bin 1579962286
MO ADD1_MXILINX_Main NULL Main.vf vlg5E/_a_d_d1___m_x_i_l_i_n_x___main.bin 1579962286
MO COMPM2_MXILINX_Main NULL Main.vf vlg62/_c_o_m_p_m2___m_x_i_l_i_n_x___main.bin 1579962286
MO Full_Adder10 NULL Full_Adder10.vf vlg2F/_full___adder10.bin 1579962286
MO FD_MXILINX_Memory NULL Memory.vf vlg3E/_f_d___m_x_i_l_i_n_x___memory.bin 1579962286
MO COMP2_MXILINX_Main NULL Main.vf vlg71/_c_o_m_p2___m_x_i_l_i_n_x___main.bin 1579962286
